// Jest Snapshot v1, https://goo.gl/fbAQLP

exports[`snapshot 1`] = `
Object {
  "Mappings": Object {
    "AWSCloudFrontPartitionHostedZoneIdMap": Object {
      "aws": Object {
        "zoneId": "Z2FDTNDATAQYW2",
      },
      "aws-cn": Object {
        "zoneId": "Z3RFFRIM2A3IF5",
      },
    },
  },
  "Resources": Object {
    "blogF3DAE94C": Object {
      "Properties": Object {
        "HostedZoneId": Object {
          "Ref": "yux326B34FD5",
        },
        "Name": "blog.yux3.net.",
        "ResourceRecords": Array [
          "hatenablog.com.",
        ],
        "TTL": "1800",
        "Type": "CNAME",
      },
      "Type": "AWS::Route53::RecordSet",
    },
    "img31CD142E": Object {
      "Properties": Object {
        "AliasTarget": Object {
          "DNSName": "d25ymprel65g4i.cloudfront.net",
          "HostedZoneId": Object {
            "Fn::FindInMap": Array [
              "AWSCloudFrontPartitionHostedZoneIdMap",
              Object {
                "Ref": "AWS::Partition",
              },
              "zoneId",
            ],
          },
        },
        "HostedZoneId": Object {
          "Ref": "yux326B34FD5",
        },
        "Name": "img.yux3.net.",
        "Type": "A",
      },
      "Type": "AWS::Route53::RecordSet",
    },
    "yux326B34FD5": Object {
      "Properties": Object {
        "Name": "yux3.net.",
      },
      "Type": "AWS::Route53::HostedZone",
    },
  },
}
`;
