// Jest Snapshot v1, https://goo.gl/fbAQLP

exports[`snapshot domain 1`] = `
Object {
  "Mappings": Object {
    "AWSCloudFrontPartitionHostedZoneIdMap": Object {
      "aws": Object {
        "zoneId": "Z2FDTNDATAQYW2",
      },
      "aws-cn": Object {
        "zoneId": "Z3RFFRIM2A3IF5",
      },
    },
  },
  "Resources": Object {
    "blogF3DAE94C": Object {
      "Properties": Object {
        "HostedZoneId": Object {
          "Ref": "yux326B34FD5",
        },
        "Name": "blog.yux3.net.",
        "ResourceRecords": Array [
          "hatenablog.com.",
        ],
        "TTL": "1800",
        "Type": "CNAME",
      },
      "Type": "AWS::Route53::RecordSet",
    },
    "img31CD142E": Object {
      "Properties": Object {
        "AliasTarget": Object {
          "DNSName": "d25ymprel65g4i.cloudfront.net",
          "HostedZoneId": Object {
            "Fn::FindInMap": Array [
              "AWSCloudFrontPartitionHostedZoneIdMap",
              Object {
                "Ref": "AWS::Partition",
              },
              "zoneId",
            ],
          },
        },
        "HostedZoneId": Object {
          "Ref": "yux326B34FD5",
        },
        "Name": "img.yux3.net.",
        "Type": "A",
      },
      "Type": "AWS::Route53::RecordSet",
    },
    "yux326B34FD5": Object {
      "Properties": Object {
        "Name": "yux3.net.",
      },
      "Type": "AWS::Route53::HostedZone",
    },
  },
}
`;

exports[`snapshot trivial-backup 1`] = `
Object {
  "Resources": Object {
    "Bucket83908E77": Object {
      "DeletionPolicy": "Retain",
      "Properties": Object {
        "BucketName": "trivial-backup-02",
        "PublicAccessBlockConfiguration": Object {
          "BlockPublicAcls": true,
          "BlockPublicPolicy": true,
          "IgnorePublicAcls": true,
          "RestrictPublicBuckets": true,
        },
        "VersioningConfiguration": Object {
          "Status": "Enabled",
        },
      },
      "Type": "AWS::S3::Bucket",
      "UpdateReplacePolicy": "Retain",
    },
    "BucketPolicyE9A3008A": Object {
      "Properties": Object {
        "Bucket": Object {
          "Ref": "Bucket83908E77",
        },
        "PolicyDocument": Object {
          "Statement": Array [
            Object {
              "Action": "s3:PutObject",
              "Effect": "Allow",
              "Principal": Object {
                "AWS": Object {
                  "Fn::GetAtt": Array [
                    "User00B015A1",
                    "Arn",
                  ],
                },
              },
              "Resource": Object {
                "Fn::Join": Array [
                  "",
                  Array [
                    Object {
                      "Fn::GetAtt": Array [
                        "Bucket83908E77",
                        "Arn",
                      ],
                    },
                    "/*",
                  ],
                ],
              },
            },
          ],
          "Version": "2012-10-17",
        },
      },
      "Type": "AWS::S3::BucketPolicy",
    },
    "User00B015A1": Object {
      "Properties": Object {
        "UserName": "trivial_backup",
      },
      "Type": "AWS::IAM::User",
    },
  },
}
`;

exports[`snapshot user 1`] = `
Object {
  "Resources": Object {
    "GeneralPurposeUser8600AB08": Object {
      "Properties": Object {
        "UserName": "t_",
      },
      "Type": "AWS::IAM::User",
    },
    "GeneralPurposeUserDefaultPolicy8C89C9A0": Object {
      "Properties": Object {
        "PolicyDocument": Object {
          "Statement": Array [
            Object {
              "Action": "sts:AssumeRole",
              "Effect": "Allow",
              "Resource": Object {
                "Fn::GetAtt": Array [
                  "PowerUserRole25AA3B40",
                  "Arn",
                ],
              },
            },
          ],
          "Version": "2012-10-17",
        },
        "PolicyName": "GeneralPurposeUserDefaultPolicy8C89C9A0",
        "Users": Array [
          Object {
            "Ref": "GeneralPurposeUser8600AB08",
          },
        ],
      },
      "Type": "AWS::IAM::Policy",
    },
    "PowerUserRole25AA3B40": Object {
      "Properties": Object {
        "AssumeRolePolicyDocument": Object {
          "Statement": Array [
            Object {
              "Action": "sts:AssumeRole",
              "Condition": Object {
                "Bool": Object {
                  "aws:MultiFactorAuthPresent": "true",
                },
              },
              "Effect": "Allow",
              "Principal": Object {
                "AWS": Object {
                  "Fn::GetAtt": Array [
                    "GeneralPurposeUser8600AB08",
                    "Arn",
                  ],
                },
              },
            },
          ],
          "Version": "2012-10-17",
        },
        "ManagedPolicyArns": Array [
          Object {
            "Fn::Join": Array [
              "",
              Array [
                "arn:",
                Object {
                  "Ref": "AWS::Partition",
                },
                ":iam::aws:policy/AdministratorAccess",
              ],
            ],
          },
        ],
        "RoleName": "admin_role",
      },
      "Type": "AWS::IAM::Role",
    },
  },
}
`;
