// Jest Snapshot v1, https://goo.gl/fbAQLP

exports[`snapshot 1`] = `
Object {
  "Resources": Object {
    "GeneralPurposeUser8600AB08": Object {
      "Properties": Object {
        "UserName": "t_",
      },
      "Type": "AWS::IAM::User",
    },
    "GeneralPurposeUserDefaultPolicy8C89C9A0": Object {
      "Properties": Object {
        "PolicyDocument": Object {
          "Statement": Array [
            Object {
              "Action": "sts:AssumeRole",
              "Effect": "Allow",
              "Resource": Object {
                "Fn::GetAtt": Array [
                  "PowerUserRole25AA3B40",
                  "Arn",
                ],
              },
            },
          ],
          "Version": "2012-10-17",
        },
        "PolicyName": "GeneralPurposeUserDefaultPolicy8C89C9A0",
        "Users": Array [
          Object {
            "Ref": "GeneralPurposeUser8600AB08",
          },
        ],
      },
      "Type": "AWS::IAM::Policy",
    },
    "PowerUserRole25AA3B40": Object {
      "Properties": Object {
        "AssumeRolePolicyDocument": Object {
          "Statement": Array [
            Object {
              "Action": "sts:AssumeRole",
              "Condition": Object {
                "Bool": Object {
                  "aws:MultiFactorAuthPresent": "true",
                },
              },
              "Effect": "Allow",
              "Principal": Object {
                "AWS": Object {
                  "Fn::GetAtt": Array [
                    "GeneralPurposeUser8600AB08",
                    "Arn",
                  ],
                },
              },
            },
          ],
          "Version": "2012-10-17",
        },
        "ManagedPolicyArns": Array [
          Object {
            "Fn::Join": Array [
              "",
              Array [
                "arn:",
                Object {
                  "Ref": "AWS::Partition",
                },
                ":iam::aws:policy/AdministratorAccess",
              ],
            ],
          },
        ],
        "RoleName": "admin_role",
      },
      "Type": "AWS::IAM::Role",
    },
  },
}
`;
